
> ecog-college@0.0.0 build
> vite build

[36mvite v7.3.1 [32mbuilding client environment for production...[36m[39m
transforming...
[32mÔ£ô[39m 1026 modules transformed.
node.exe : 
[31mÔ£ù[39m Build 
failed in 4.29s
At C:\Program Files\nod
ejs\npm.ps1:29 char:3
+   & $NODE_EXE 
$NPM_CLI_JS $args
+   ~~~~~~~~~~~~~~~~~~~
~~~~~~~~~~
    + CategoryInfo     
         : NotSpecifi  
  ed: ([31mÔ£ù[39m   
  Build failed in 4    
.29s:String) [], R    
emoteException
    + FullyQualifiedEr 
   rorId : NativeComm  
  andError
 
[31merror during 
build:
[31m[vite:css] 
[postcss] D:/ECOG_Colle
ge/src/index.css:34:5: 
The `shadow-[0_4px_14px
_0_rgba(212,` class 
does not exist. If `sha
dow-[0_4px_14px_0_rgba(
212,` is a custom 
class, make sure it is 
defined within a 
`@layer` 
directive.[31m
file: [36mD:/ECOG_Coll
ege/src/index.css:34:4
[31m
    at Input.error (D:\
ECOG_College\node_modul
es\postcss\lib\input.js
:135:16)
    at AtRule.error (D:
\ECOG_College\node_modu
les\postcss\lib\node.js
:146:32)
    at processApply (D:
\ECOG_College\node_modu
les\tailwindcss\lib\lib
\expandApplyAtRules.js:
380:29)
    at D:\ECOG_College\
node_modules\tailwindcs
s\lib\lib\expandApplyAt
Rules.js:551:9
    at D:\ECOG_College\
node_modules\tailwindcs
s\lib\processTailwindFe
atures.js:55:50
    at async plugins (D
:\ECOG_College\node_mod
ules\tailwindcss\lib\pl
ugin.js:38:17)
    at async 
LazyResult.runAsync (D:
\ECOG_College\node_modu
les\postcss\lib\lazy-re
sult.js:293:11)
    at async 
runPostCSS (file:///D:/
ECOG_College/node_modul
es/vite/dist/node/chunk
s/config.js:30145:19)
    at async 
compilePostCSS (file://
/D:/ECOG_College/node_m
odules/vite/dist/node/c
hunks/config.js:30129:6
)
    at async 
compileCSS (file:///D:/
ECOG_College/node_modul
es/vite/dist/node/chunk
s/config.js:30059:26)[
39m
